// Jest Snapshot v1, https://goo.gl/fbAQLP

exports[`Given a Button component When executing the component Then it should render 1`] = `
<button
  className="sc-bdvvtL sc-eCImPb ewqzMe iKKLDN"
/>
`;
